// Jest Snapshot v1, https://goo.gl/fbAQLP

exports[`BenchmarkBuilder creates correct benchmark instance 1`] = `
BenchmarkBuilder {
  "_benchmarkCycleSamples": 55,
  "_benchmarkCycles": 44,
  "_benchmarkEntryName": "Benchmark entry",
  "_benchmarkName": "Dummy name",
  "_functionUnderTest": [Function],
  "_warmupCycles": 500,
}
`;
