// Jest Snapshot v1, https://goo.gl/fbAQLP

exports[`tableGenerator generateTable generate correct table with version 1`] = `
"| Node          | Option            | Msecs/op      | Ops/sec |
| ------------- | ----------------- | ------------- | ------- |
| Dummy version | Dummy entry 1.0.0 | 101.745 msecs | 9.829   |"
`;

exports[`tableGenerator generateTable generate correct table without version 1`] = `
"| Node          | Option          | Msecs/op      | Ops/sec |
| ------------- | --------------- | ------------- | ------- |
| Dummy version | Benchmark entry | 101.745 msecs | 9.829   |"
`;
